00 blank.obl            BACKGROUND 20
01 stop.obl             STOP       73
02 annie2.obl           PLAYER     50
03 walls93.obl          WALLS      23
04 walls93.obl          WALLS      25
05 walls93.obl          WALLS      3d
06 walls93.obl          WALLS      22
07 walls93.obl          WALLS      00
08 walls93.obl          WALLS      00
09 walls93.obl          WALLS      00
0a rock1.obl            WALLS      2e
0b rock2.obl            WALLS      2c
0c rock3.obl            WALLS      3b
0d wall_brick.obl       WALLS      58
0e wall_brick.obl       WALLS      57
0f wall_brick.obl       WALLS      51
10 wall_brick.obl       WALLS      5a
11 wall_brick.obl       WALLS      4b
12 wall_brick.obl       WALLS      55
13 wall_brick.obl       WALLS      00
14 colorwalls.obl       WALLS      00
15 colorwalls.obl       WALLS      00
16 colorwalls.obl       WALLS      00
17 colorwalls.obl       WALLS      00
18 colorwalls.obl       WALLS      00
19 colorwalls.obl       WALLS      00
1a colorwalls.obl       WALLS      00
1b colorwalls.obl       WALLS      00
1c colorwalls.obl       WALLS      00
1d colorwalls.obl       WALLS      00
1e colorwalls.obl       WALLS      00
1f colorwalls.obl       WALLS      00
20 colorwalls.obl       WALLS      00
21 colorwalls.obl       WALLS      00
22 colorwalls.obl       WALLS      00
23 colorwalls.obl       WALLS      00
24 pinetree.obl         WALLS      70
25 plants.obl           BACKGROUND 00
26 plants.obl           BACKGROUND 00
27 plants.obl           BACKGROUND 00
28 plants.obl           BACKGROUND 00
29 plants.obl           BACKGROUND 00
2a plants.obl           BACKGROUND 00
2b plants.obl           BACKGROUND 00
2c thisway.obl          WALLS      3c
2d thisway.obl          WALLS      3e
2e fruit1.obl           PICKUP     26
2f neckless.obl         PICKUP     21
30 apple.obl            PICKUP     61
31 book.obl             PICKUP     62
32 ballon1.obl          PICKUP     42
33 carotte.obl          PICKUP     63
34 carotte.obl          PICKUP     43
35 chest.obl            PICKUP     47
36 statue.obl           WALLS      00
37 tomb.obl             WALLS      74
38 mushroom.obl         WALLS      6d
39 small_mush.obl       PICKUP     00
3a small_mush.obl       PICKUP     00
3b small_mush.obl       PICKUP     00
3c small_mush.obl       PICKUP     00
3d pot.obl              WALLS      5b
3e pot.obl              WALLS      5d
3f jar1.obl             WALLS      4a
40 watermel.obl         PICKUP     77
41 boulder.obl          WALLS      00
42 boulder.obl          WALLS      00
43 magicbox.obl         PICKUP     3f
44 magicbot.obl         PICKUP     2a
45 lightbul.obl         PICKUP     00
46 1st_aid.obl          PICKUP     2b
47 rope.obl             PICKUP     00
48 shield.obl           PICKUP     53
49 vials.obl            PICKUP     6f
4a vials.obl            PICKUP     00
4b vials.obl            PICKUP     00
4c poire.obl            PICKUP     67
4d clover.obl           PICKUP     00
4e pumpkin.obl          PICKUP     00
4f flowers.obl          PICKUP     40
50 flowers.obl          PICKUP     46
51 heartdoor.obl        DOOR       48
52 heartkey.obl         KEY        68
53 graydoor.obl         DOOR       00
54 graykey.obl          KEY        00
55 popdoor.obl          DOOR       00
56 popkey.obl           KEY        00
57 reddoor.obl          DOOR       52
58 redkey.obl           KEY        72
59 yeldoor.obl          DOOR       59
5a yelkey.obl           KEY        79
5b swamp.obl            SWAMP      5e
5c diamond.obl          DIAMOND    24
5d triforce.obl         PICKUP     54
5e orb.obl              PICKUP     4f
5f tntstick.obl         PICKUP     00
60 alpha.obl            MONSTER    41
61 blueghos.obl         MONSTER    00
62 deico.obl            MONSTER    44
63 forcef94.obl         WALLS      2f
64 forcefih.obl         WALLS      5f
65 forcefiv.obl         WALLS      7c
66 insect1.obl          MONSTER    69
67 lutin.obl            MONSTER    6c
68 manka.obl            MONSTER    4d
69 maxkiller.obl        MONSTER    00
6a octopus.obl          MONSTER    00
6b ooo.obl              MONSTER    00
6c teddy93.obl          MONSTER    00
6d vamplant.obl         VAMPLANT   76
6e yahoo.obl            MONSTER    00
6f yiga.obl             MONSTER    00
70 yelkiller.obl        MONSTER    00
71 whteworm.obl         DRONE      71
72 eturtle.obl          DRONE      00
73 drago.obl            DRONE      00
74 bird.obl             DRONE      00
