00 blank.obl            BACKGROUND
01 stop.png             STOP      
02 annie_down.obl       PLAYER    
03 walls93.obl          WALLS     
04 walls93.obl          WALLS     
05 walls93.obl          WALLS     
06 walls93.obl          WALLS     
07 walls93.obl          WALLS     
08 walls93.obl          WALLS     
09 walls93.obl          WALLS     
0a rock1.obl            WALLS     
0b rock2.obl            WALLS     
0c rock3.obl            WALLS     
0d wall_brick.png       WALLS     
0e wall_brick.png       WALLS     
0f wall_brick.png       WALLS     
10 wall_brick.png       WALLS     
11 wall_brick.png       WALLS     
12 wall_brick.png       WALLS     
13 wall_brick.png       WALLS     
14 colorwalls.obl       WALLS     
15 colorwalls.obl       WALLS     
16 colorwalls.obl       WALLS     
17 colorwalls.obl       WALLS     
18 colorwalls.obl       WALLS     
19 colorwalls.obl       WALLS     
1a colorwalls.obl       WALLS     
1b colorwalls.obl       WALLS     
1c colorwalls.obl       WALLS     
1d colorwalls.obl       WALLS     
1e colorwalls.obl       WALLS     
1f colorwalls.obl       WALLS     
20 colorwalls.obl       WALLS     
21 colorwalls.obl       WALLS     
22 colorwalls.obl       WALLS     
23 colorwalls.obl       WALLS     
24 pinetree.png         WALLS     
25 plants.obl           BACKGROUND
26 plants.obl           BACKGROUND
27 plants.obl           BACKGROUND
28 plants.obl           BACKGROUND
29 plants.obl           BACKGROUND
2a plants.obl           BACKGROUND
2b plants.obl           BACKGROUND
2c thisway.obl          WALLS     
2d thisway.obl          WALLS     
2e fruit1.obl           PICKUP    
2f neckless.obl         PICKUP    
30 apple.obl            PICKUP    
31 book.obl             PICKUP    
32 ballon1.obl          PICKUP    
33 carotte.obl          PICKUP    
34 carotte.obl          PICKUP    
35 chest.obl            PICKUP    
36 statue.obl           WALLS     
37 tomb.obl             WALLS     
38 mushroom.obl         WALLS     
39 small_mush.obl       PICKUP    
3a small_mush.obl       PICKUP    
3b small_mush.obl       PICKUP    
3c small_mush.obl       PICKUP    
3d pot.obl              WALLS     
3e pot.obl              WALLS     
3f jar1.obl             WALLS     
40 watermelon.png       PICKUP    
41 boulder.obl          WALLS     
42 boulder.obl          WALLS     
43 magicbox.obl         PICKUP    
44 magicbot.obl         PICKUP    
45 lightbul.obl         PICKUP    
46 1st_aid.obl          PICKUP    
47 rope.obl             PICKUP    
48 shield.obl           PICKUP    
49 vials.obl            PICKUP    
4a vials.obl            PICKUP    
4b vials.obl            PICKUP    
4c poire.obl            PICKUP    
4d clover.obl           PICKUP    
4e cherry.png           PICKUP    
4f flowers.obl          PICKUP    
50 flowers.obl          PICKUP    
51 heartdoor.obl        DOOR      
52 heartkey.obl         KEY       
53 graydoor.obl         DOOR      
54 graykey.obl          KEY       
55 popdoor.obl          DOOR      
56 popkey.obl           KEY       
57 reddoor.obl          DOOR      
58 redkey.obl           KEY       
59 yeldoor.obl          DOOR      
5a yelkey.obl           KEY       
5b swamp.obl            SWAMP     
5c diamond.obl          DIAMOND   
5d triforce.obl         PICKUP    
5e orb.obl              PICKUP    
5f tntstick.obl         PICKUP    
60 alpha.obl            MONSTER   
61 blueghos.obl         MONSTER   
62 deico.obl            MONSTER   
63 forcef94.obl         WALLS     
64 forcefih.obl         WALLS     
65 forcefiv.obl         WALLS     
66 insect1_dn.obl       MONSTER   
67 lutin.obl            MONSTER   
68 manka.obl            MONSTER   
69 maxkiller.obl        MONSTER   
6a octopus.obl          MONSTER   
6b ooo.obl              MONSTER   
6c teddy93.obl          MONSTER   
6d vamplant.obl         VAMPLANT  
6e yahoo.obl            MONSTER   
6f yiga.obl             MONSTER   
70 yelkiller.obl        MONSTER   
71 whteworm.obl         DRONE     
72 eturtle.obl          DRONE     
73 drago.obl            DRONE     
74 bird.obl             DRONE     
